
[1m[7m[36m RUN [39m[27m[22m [36mv2.1.9 [39m[90mC:/Users/franc/Documents/Proyectos/Manyhands[39m

 [32m✓[39m tests/stage3-transitional-adapters.test.ts [2m([22m[2m7 tests[22m[2m)[22m[33m 6683[2mms[22m[39m
   [33m[2m✓[22m[39m Stage 3 transitional unsafe adapters[2m > [22mvalidates canonical delivery metadata and recovers an already published fast-forward [33m4943[2mms[22m[39m
   [33m[2m✓[22m[39m Stage 3 transitional unsafe adapters[2m > [22mpreserves current planning, execution evidence, candidate and delivery outputs [33m1499[2mms[22m[39m
 [32m✓[39m tests/stage3-cancel-dispatch-window.test.ts [2m([22m[2m4 tests[22m[2m)[22m[90m 67[2mms[22m[39m
 [32m✓[39m tests/stage3-daemon-restart-physical.test.ts [2m([22m[2m1 test[22m[2m)[22m[33m 10053[2mms[22m[39m
   [33m[2m✓[22m[39m Stage 3 daemon restart recovery[2m > [22mrecovers a running fake execution from journal/intents/receipts without duplicate work [33m5341[2mms[22m[39m
 [32m✓[39m tests/stage3-web-productive-boundary.test.ts [2m([22m[2m17 tests[22m[2m)[22m[90m 262[2mms[22m[39m
 [32m✓[39m tests/stage3-product-daemon.test.ts [2m([22m[2m2 tests[22m[2m)[22m[33m 2865[2mms[22m[39m
   [33m[2m✓[22m[39m Stage 3 productive daemon boundary[2m > [22mowns create, idempotent multi-client commands and pure query/event pages [33m2335[2mms[22m[39m
   [33m[2m✓[22m[39m Stage 3 productive daemon boundary[2m > [22mfails closed when a command id is reused with different content [33m528[2mms[22m[39m
 [32m✓[39m tests/stage3-cancellation-physical.test.ts [2m([22m[2m1 test[22m[2m)[22m[33m 3836[2mms[22m[39m
   [33m[2m✓[22m[39m Stage 3 physical cancellation[2m > [22mpersists intent, kills child and grandchild, and only then publishes interrupted [33m2005[2mms[22m[39m
 [32m✓[39m tests/stage3-cancel-before-started.test.ts [2m([22m[2m1 test[22m[2m)[22m[90m 50[2mms[22m[39m
 [32m✓[39m tests/stage3-run-actor-application.test.ts [2m([22m[2m2 tests[22m[2m)[22m[90m 44[2mms[22m[39m
 [32m✓[39m tests/stage3-resume-restart-identity.test.ts [2m([22m[2m2 tests[22m[2m)[22m[90m 40[2mms[22m[39m
 [32m✓[39m tests/stage3-daemon-entrypoint.test.ts [2m([22m[2m1 test[22m[2m)[22m[90m 297[2mms[22m[39m

[2m Test Files [22m [1m[32m10 passed[39m[22m[90m (10)[39m
[2m      Tests [22m [1m[32m38 passed[39m[22m[90m (38)[39m
[2m   Start at [22m 07:20:59
[2m   Duration [22m 41.32s[2m (transform 2.41s, setup 0ms, collect 11.90s, tests 24.20s, environment 3ms, prepare 2.29s)[22m
