RECEIPT_ID=focused-route
CANDIDATE=dc454704e694f7337d0a713c672a61022160a8d7
WORKING_DIRECTORY=C:\mh-g0-dc45-07
COMMAND=C:\mh-shim-dc45-07\pnpm.cmd exec vitest run tests/run-create-canonical-seed.test.ts tests/planning-v2-pipeline.test.ts tests/planning-v2-approval.test.ts tests/scheduler-readiness-v2.test.ts tests/run-v2-execution-driver.test.ts tests/run-v2-execution-host.test.ts tests/execution-core-v2-node-executor.test.ts tests/integration-manifest.test.ts tests/integration-operation-recovery.test.ts tests/exact-candidate-validation.test.ts tests/final-candidate.test.ts tests/delivery-state-machine.test.ts tests/run-store-event-source.test.ts tests/run-v2-record-cache-reconciliation.test.ts tests/run-liveness-supervisor.test.ts tests/run-v2-e2e.test.ts tests/run-v2-crash-recovery.test.ts tests/local-boundary.test.ts

 RUN  v2.1.9 C:/mh-g0-dc45-07

 ✓ tests/local-boundary.test.ts (14 tests) 18ms
 ✓ tests/run-v2-crash-recovery.test.ts (1 test) 40ms
 ✓ tests/run-store-event-source.test.ts (5 tests) 479ms
 ✓ tests/scheduler-readiness-v2.test.ts (5 tests) 126ms
 ✓ tests/delivery-state-machine.test.ts (4 tests) 43ms
 ✓ tests/integration-operation-recovery.test.ts (4 tests) 61ms
 ✓ tests/run-liveness-supervisor.test.ts (5 tests) 28ms
 ✓ tests/execution-core-v2-node-executor.test.ts (55 tests) 1131ms
 ✓ tests/run-v2-execution-driver.test.ts (15 tests) 1695ms
   ✓ V2ExecutionDriver > refreshes scheduler capabilities with the inputs that replace a stale attempt 448ms
 ✓ tests/exact-candidate-validation.test.ts (7 tests) 1546ms
   ✓ validateExactCandidate > executes the frozen value-aware order oracle and rejects the retry-2 candidate 1511ms
 ✓ tests/run-v2-execution-host.test.ts (2 tests) 155ms
 ✓ tests/run-v2-e2e.test.ts (2 tests) 1962ms
   ✓ V2 productive run > materializes declared child artifacts and integrates the exact verified root candidate 476ms
   ✓ V2 productive run > re-enters the driver after an integration journal takeover without repeating the applied child 1483ms
 ✓ tests/integration-manifest.test.ts (9 tests) 1956ms
   ✓ IntegrationManifestExecutor > recovers after a crash following the first child without repeating its side effect 839ms
   ✓ IntegrationManifestExecutor > recovers after persisting a repair commit without launching that repair twice 1065ms
 ✓ tests/run-create-canonical-seed.test.ts (1 test) 94ms
 ✓ tests/planning-v2-pipeline.test.ts (5 tests) 3301ms
   ✓ planning V2 vertical slice > grounds the package manifest when repository scripts form part of the command surface 437ms
   ✓ planning V2 vertical slice > records model failure and never substitutes a lower-quality planner 1593ms
   ✓ planning V2 vertical slice > fails the run when the compiler rejects the plan, without pretending a graph exists 740ms
 ✓ tests/final-candidate.test.ts (2 tests) 16ms
 ✓ tests/planning-v2-approval.test.ts (1 test) 473ms
   ✓ planning V2 revision approval > uses revision CAS and requires a new revision-specific approval after an edit 471ms
 ✓ tests/run-v2-record-cache-reconciliation.test.ts (1 test) 365ms
   ✓ V2 RunRecord cache reconciliation > repairs a stale running cache from a terminal canonical journal before responding 363ms

 Test Files  18 passed (18)
      Tests  138 passed (138)
   Start at  18:00:16
   Duration  11.29s (transform 10.30s, setup 0ms, collect 75.66s, tests 13.49s, environment 10ms, prepare 8.54s)

EXIT_CODE=0
COMMAND_STATUS=accepted_exit
