
 RUN  v2.1.9 C:/mh-g0-9cf3-02

 ✓ tests/local-boundary.test.ts (14 tests) 12ms
 ✓ tests/run-v2-crash-recovery.test.ts (1 test) 25ms
 ✓ tests/run-store-event-source.test.ts (5 tests) 437ms
 ✓ tests/scheduler-readiness-v2.test.ts (5 tests) 110ms
 ✓ tests/delivery-state-machine.test.ts (4 tests) 37ms
 ✓ tests/integration-operation-recovery.test.ts (4 tests) 44ms
 ✓ tests/run-v2-execution-driver.test.ts (15 tests) 1055ms
 ✓ tests/run-liveness-supervisor.test.ts (5 tests) 24ms
 ✓ tests/execution-core-v2-node-executor.test.ts (55 tests) 825ms
 ✓ tests/integration-manifest.test.ts (9 tests) 870ms
   ✓ IntegrationManifestExecutor > recovers after a crash following the first child without repeating its side effect 335ms
   ✓ IntegrationManifestExecutor > recovers after persisting a repair commit without launching that repair twice 504ms
 ✓ tests/exact-candidate-validation.test.ts (7 tests) 1137ms
   ✓ validateExactCandidate > executes the frozen value-aware order oracle and rejects the retry-2 candidate 1108ms
 ✓ tests/run-v2-e2e.test.ts (2 tests) 1203ms
   ✓ V2 productive run > re-enters the driver after an integration journal takeover without repeating the applied child 930ms
 ✓ tests/run-v2-execution-host.test.ts (2 tests) 105ms
 ✓ tests/run-create-canonical-seed.test.ts (1 test) 81ms
 ✓ tests/planning-v2-pipeline.test.ts (5 tests) 2349ms
   ✓ planning V2 vertical slice > grounds the package manifest when repository scripts form part of the command surface 408ms
   ✓ planning V2 vertical slice > fails the run when the compiler rejects the plan, without pretending a graph exists 729ms
   ✓ planning V2 vertical slice > persists planning nodes before the planner completes 782ms
 ✓ tests/final-candidate.test.ts (2 tests) 9ms
 ✓ tests/planning-v2-approval.test.ts (1 test) 301ms
   ✓ planning V2 revision approval > uses revision CAS and requires a new revision-specific approval after an edit 300ms
 ✓ tests/run-v2-record-cache-reconciliation.test.ts (1 test) 296ms

 Test Files  18 passed (18)
      Tests  138 passed (138)
   Start at  16:41:17
   Duration  7.64s (transform 5.53s, setup 0ms, collect 48.62s, tests 8.92s, environment 7ms, prepare 6.03s)

