RECEIPT_ID=clean-install
CANDIDATE=c7819799d22e920359050d4491bbca57e4a3cf8f
WORKING_DIRECTORY=C:\mh-g0-c781-09
COMMAND=& 'C:\mh-shim-c781-09\pnpm.cmd' 'install' '--frozen-lockfile' '--store-dir' 'C:\mh-store-c781-09'
Scope: all 14 workspace projects
✓ Lockfile passes supply-chain policies (verified 1h ago)
Lockfile is up to date, resolution step is skipped
Progress: resolved 1, reused 0, downloaded 0, added 0
Packages: +629
++++++++++++++++++++++++++++++++++++++++++++++++++++++++++++++++++++++++++++++++
Progress: resolved 629, reused 0, downloaded 0, added 0
Progress: resolved 629, reused 0, downloaded 1, added 0
Progress: resolved 629, reused 0, downloaded 12, added 0
Progress: resolved 629, reused 0, downloaded 18, added 0
Progress: resolved 629, reused 0, downloaded 22, added 0
Progress: resolved 629, reused 0, downloaded 23, added 0
Progress: resolved 629, reused 0, downloaded 28, added 0
Progress: resolved 629, reused 0, downloaded 44, added 0
Progress: resolved 629, reused 0, downloaded 51, added 0
Packages are hard linked from the content-addressable store to the virtual store.
  Content-addressable store is at: C:\mh-store-c781-09\v11
  Virtual store is at:             node_modules/.pnpm
Progress: resolved 629, reused 0, downloaded 53, added 3
Progress: resolved 629, reused 0, downloaded 54, added 3
Progress: resolved 629, reused 0, downloaded 56, added 3
Progress: resolved 629, reused 0, downloaded 57, added 3
Progress: resolved 629, reused 0, downloaded 58, added 4
Progress: resolved 629, reused 0, downloaded 59, added 4
Progress: resolved 629, reused 0, downloaded 60, added 4
Progress: resolved 629, reused 0, downloaded 61, added 4
Progress: resolved 629, reused 0, downloaded 62, added 4
Progress: resolved 629, reused 0, downloaded 64, added 4
Progress: resolved 629, reused 0, downloaded 65, added 4
Progress: resolved 629, reused 0, downloaded 66, added 4
Progress: resolved 629, reused 0, downloaded 68, added 4
Progress: resolved 629, reused 0, downloaded 69, added 4
Progress: resolved 629, reused 0, downloaded 70, added 4
Progress: resolved 629, reused 0, downloaded 71, added 4
Progress: resolved 629, reused 0, downloaded 72, added 4
Progress: resolved 629, reused 0, downloaded 73, added 4
Progress: resolved 629, reused 0, downloaded 74, added 4
Progress: resolved 629, reused 0, downloaded 75, added 4
Progress: resolved 629, reused 0, downloaded 76, added 4
Progress: resolved 629, reused 0, downloaded 77, added 4
Progress: resolved 629, reused 0, downloaded 80, added 4
Progress: resolved 629, reused 0, downloaded 85, added 4
Progress: resolved 629, reused 0, downloaded 87, added 4
Progress: resolved 629, reused 0, downloaded 88, added 4
Progress: resolved 629, reused 0, downloaded 89, added 4
Progress: resolved 629, reused 0, downloaded 90, added 4
Progress: resolved 629, reused 0, downloaded 94, added 4
Progress: resolved 629, reused 0, downloaded 97, added 4
Progress: resolved 629, reused 0, downloaded 101, added 4
Progress: resolved 629, reused 0, downloaded 106, added 5
Progress: resolved 629, reused 0, downloaded 109, added 6
Progress: resolved 629, reused 0, downloaded 112, added 8
Progress: resolved 629, reused 0, downloaded 115, added 8
Progress: resolved 629, reused 0, downloaded 123, added 8
Progress: resolved 629, reused 0, downloaded 125, added 8
Progress: resolved 629, reused 0, downloaded 128, added 8
Progress: resolved 629, reused 0, downloaded 130, added 8
Progress: resolved 629, reused 0, downloaded 135, added 8
Progress: resolved 629, reused 0, downloaded 137, added 8
Progress: resolved 629, reused 0, downloaded 148, added 8
Progress: resolved 629, reused 0, downloaded 151, added 8
Progress: resolved 629, reused 0, downloaded 152, added 8
Progress: resolved 629, reused 0, downloaded 164, added 11
Progress: resolved 629, reused 0, downloaded 168, added 12
Progress: resolved 629, reused 0, downloaded 173, added 12
Progress: resolved 629, reused 0, downloaded 177, added 12
Progress: resolved 629, reused 0, downloaded 181, added 12
Progress: resolved 629, reused 0, downloaded 187, added 12
Progress: resolved 629, reused 0, downloaded 210, added 12
Progress: resolved 629, reused 0, downloaded 218, added 15
Progress: resolved 629, reused 0, downloaded 226, added 16
Progress: resolved 629, reused 0, downloaded 239, added 16
Progress: resolved 629, reused 0, downloaded 255, added 16
Progress: resolved 629, reused 0, downloaded 270, added 18
Progress: resolved 629, reused 0, downloaded 300, added 20
Progress: resolved 629, reused 0, downloaded 313, added 20
Progress: resolved 629, reused 0, downloaded 324, added 23
Progress: resolved 629, reused 0, downloaded 334, added 24
Progress: resolved 629, reused 0, downloaded 340, added 24
Progress: resolved 629, reused 0, downloaded 350, added 24
Progress: resolved 629, reused 0, downloaded 360, added 24
Progress: resolved 629, reused 0, downloaded 388, added 28
Progress: resolved 629, reused 0, downloaded 406, added 28
Progress: resolved 629, reused 0, downloaded 426, added 29
Progress: resolved 629, reused 0, downloaded 444, added 32
Progress: resolved 629, reused 0, downloaded 473, added 32
Progress: resolved 629, reused 0, downloaded 494, added 36
Progress: resolved 629, reused 0, downloaded 521, added 36
Progress: resolved 629, reused 0, downloaded 535, added 37
Progress: resolved 629, reused 0, downloaded 555, added 40
Progress: resolved 629, reused 0, downloaded 577, added 40
Progress: resolved 629, reused 0, downloaded 603, added 44
Progress: resolved 629, reused 0, downloaded 626, added 53
Progress: resolved 629, reused 0, downloaded 626, added 64
Progress: resolved 629, reused 0, downloaded 626, added 69
Progress: resolved 629, reused 0, downloaded 627, added 85
Progress: resolved 629, reused 0, downloaded 627, added 89
Progress: resolved 629, reused 0, downloaded 627, added 96
Progress: resolved 629, reused 0, downloaded 627, added 101
Progress: resolved 629, reused 0, downloaded 628, added 110
Progress: resolved 629, reused 0, downloaded 628, added 126
Progress: resolved 629, reused 0, downloaded 628, added 131
Progress: resolved 629, reused 0, downloaded 628, added 141
Progress: resolved 629, reused 0, downloaded 628, added 154
Progress: resolved 629, reused 0, downloaded 628, added 175
Progress: resolved 629, reused 0, downloaded 628, added 214
Progress: resolved 629, reused 0, downloaded 628, added 236
Progress: resolved 629, reused 0, downloaded 628, added 303
Progress: resolved 629, reused 0, downloaded 628, added 353
Progress: resolved 629, reused 0, downloaded 628, added 379
Progress: resolved 629, reused 0, downloaded 628, added 443
Progress: resolved 629, reused 0, downloaded 628, added 504
Progress: resolved 629, reused 0, downloaded 628, added 555
Progress: resolved 629, reused 0, downloaded 628, added 626
Progress: resolved 629, reused 0, downloaded 629, added 626
Progress: resolved 629, reused 0, downloaded 629, added 627
Progress: resolved 629, reused 0, downloaded 629, added 628
Progress: resolved 629, reused 0, downloaded 629, added 629
Progress: resolved 629, reused 0, downloaded 629, added 629, done
.../node-pty@1.1.0/node_modules/node-pty install$ node scripts/prebuild.js || node-gyp rebuild
.../sharp@0.34.5/node_modules/sharp install$ node install/check.js || npm run build
.../node_modules/unrs-resolver postinstall$ node postinstall.js
.../esbuild@0.27.7/node_modules/esbuild postinstall$ node install.js
.../esbuild@0.21.5/node_modules/esbuild postinstall$ node install.js
.../node-pty@1.1.0/node_modules/node-pty install: [32m> Checking prebuilds...[0m
.../node-pty@1.1.0/node_modules/node-pty install: Done
.../node-pty@1.1.0/node_modules/node-pty postinstall$ node scripts/post-install.js
.../sharp@0.34.5/node_modules/sharp install: Done
.../node_modules/unrs-resolver postinstall: Done
.../node-pty@1.1.0/node_modules/node-pty postinstall: [32m> Cleaning release folder...[0m
.../node-pty@1.1.0/node_modules/node-pty postinstall: [32m> Moving conpty.dll...[0m
.../node-pty@1.1.0/node_modules/node-pty postinstall:   Using os.arch(): x64
.../node-pty@1.1.0/node_modules/node-pty postinstall:   Found version 1.23.251008001
.../node-pty@1.1.0/node_modules/node-pty postinstall:   Copying C:\mh-g0-c781-09\node_modules\.pnpm\node-pty@1.1.0\node_modules\node-pty\third_party\conpty\1.23.251008001\win10-x64\conpty.dll -> C:\mh-g0-c781-09\node_modules\.pnpm\node-pty@1.1.0\node_modules\node-pty\build\Release\conpty\conpty.dll
.../node-pty@1.1.0/node_modules/node-pty postinstall:   Copying C:\mh-g0-c781-09\node_modules\.pnpm\node-pty@1.1.0\node_modules\node-pty\third_party\conpty\1.23.251008001\win10-x64\OpenConsole.exe -> C:\mh-g0-c781-09\node_modules\.pnpm\node-pty@1.1.0\node_modules\node-pty\build\Release\conpty\OpenConsole.exe
.../node-pty@1.1.0/node_modules/node-pty postinstall: Done
.../esbuild@0.27.7/node_modules/esbuild postinstall: Done
.../esbuild@0.21.5/node_modules/esbuild postinstall: Done

dependencies:
+ zod 3.25.76

devDependencies:
+ @types/node 22.20.1
+ @typescript-eslint/eslint-plugin 7.18.0
+ @typescript-eslint/parser 7.18.0
+ eslint 8.57.1
+ eslint-plugin-jsx-a11y 6.10.2
+ puppeteer-core 25.3.0
+ ts-morph 28.0.0
+ tsup 8.5.1
+ typescript 5.9.3
+ vitest 2.1.9

Done in 2m 23.7s using pnpm v11.21.0
EXIT_CODE=0
COMMAND_STATUS=accepted_exit
