RECEIPT_ID=focused-route
CANDIDATE=0cf4b5b8d4dfe12182afeef8290e7468536872fb
WORKING_DIRECTORY=C:\mh-g0-0cf4-08
COMMAND=& 'C:\mh-shim-0cf4-08\pnpm.cmd' 'exec' 'vitest' 'run' '--retry=0' 'tests/run-create-canonical-seed.test.ts' 'tests/planning-v2-pipeline.test.ts' 'tests/planning-v2-approval.test.ts' 'tests/scheduler-readiness-v2.test.ts' 'tests/run-v2-execution-driver.test.ts' 'tests/run-v2-execution-host.test.ts' 'tests/execution-core-v2-node-executor.test.ts' 'tests/integration-manifest.test.ts' 'tests/integration-operation-recovery.test.ts' 'tests/exact-candidate-validation.test.ts' 'tests/final-candidate.test.ts' 'tests/delivery-state-machine.test.ts' 'tests/run-store-event-source.test.ts' 'tests/run-v2-record-cache-reconciliation.test.ts' 'tests/run-liveness-supervisor.test.ts' 'tests/run-v2-e2e.test.ts' 'tests/run-v2-crash-recovery.test.ts' 'tests/local-boundary.test.ts'

 RUN  v2.1.9 C:/mh-g0-0cf4-08

 ✓ tests/local-boundary.test.ts (14 tests) 19ms
 ✓ tests/run-v2-crash-recovery.test.ts (1 test) 34ms
 ✓ tests/run-store-event-source.test.ts (5 tests) 1445ms
   ✓ canonical run event source > recovers an incomplete trailing line but rejects middle corruption 462ms
   ✓ canonical run event source > serializes concurrent CAS writers so only one wins a sequence 572ms
 ✓ tests/scheduler-readiness-v2.test.ts (5 tests) 183ms
 ✓ tests/delivery-state-machine.test.ts (4 tests) 66ms
 ✓ tests/integration-operation-recovery.test.ts (4 tests) 116ms
 ✓ tests/run-liveness-supervisor.test.ts (5 tests) 41ms
 ✓ tests/exact-candidate-validation.test.ts (7 tests) 1275ms
   ✓ validateExactCandidate > executes the frozen value-aware order oracle and rejects the retry-2 candidate 1232ms
 ✓ tests/run-v2-execution-driver.test.ts (15 tests) 1721ms
   ✓ V2ExecutionDriver > raises an empty upstream artifact decision against the producer, not the blocked consumer 329ms
   ✓ V2ExecutionDriver > refreshes scheduler capabilities with the inputs that replace a stale attempt 307ms
 ✓ tests/execution-core-v2-node-executor.test.ts (55 tests) 1601ms
   ✓ ExactCandidateValidatorV2 > persists and rejects a feasible negative control that stays green on the baseline 540ms
 ✓ tests/run-create-canonical-seed.test.ts (1 test) 104ms
 ✓ tests/run-v2-e2e.test.ts (2 tests) 2240ms
   ✓ V2 productive run > materializes declared child artifacts and integrates the exact verified root candidate 308ms
   ✓ V2 productive run > re-enters the driver after an integration journal takeover without repeating the applied child 1928ms
 ✓ tests/integration-manifest.test.ts (9 tests) 2855ms
   ✓ IntegrationManifestExecutor > recovers after a crash following the first child without repeating its side effect 1850ms
   ✓ IntegrationManifestExecutor > recovers after persisting a repair commit without launching that repair twice 872ms
 ✓ tests/final-candidate.test.ts (2 tests) 18ms
 ✓ tests/run-v2-execution-host.test.ts (2 tests) 169ms
 ✓ tests/planning-v2-approval.test.ts (1 test) 947ms
   ✓ planning V2 revision approval > uses revision CAS and requires a new revision-specific approval after an edit 940ms
 ✓ tests/planning-v2-pipeline.test.ts (5 tests) 4470ms
   ✓ planning V2 vertical slice > grounds the package manifest when repository scripts form part of the command surface 2479ms
   ✓ planning V2 vertical slice > records model failure and never substitutes a lower-quality planner 699ms
   ✓ planning V2 vertical slice > fails the run when the compiler rejects the plan, without pretending a graph exists 650ms
   ✓ planning V2 vertical slice > persists planning nodes before the planner completes 415ms
 ✓ tests/run-v2-record-cache-reconciliation.test.ts (1 test) 423ms
   ✓ V2 RunRecord cache reconciliation > repairs a stale running cache from a terminal canonical journal before responding 420ms

 Test Files  18 passed (18)
      Tests  138 passed (138)
   Start at  18:45:23
   Duration  12.27s (transform 9.53s, setup 0ms, collect 81.30s, tests 17.73s, environment 10ms, prepare 7.84s)

EXIT_CODE=0
COMMAND_STATUS=accepted_exit
