RECEIPT_ID=focused-route
CANDIDATE=c7819799d22e920359050d4491bbca57e4a3cf8f
WORKING_DIRECTORY=C:\mh-g0-c781-09
COMMAND=& 'C:\mh-shim-c781-09\pnpm.cmd' 'exec' 'vitest' 'run' '--retry=0' 'tests/run-create-canonical-seed.test.ts' 'tests/planning-v2-pipeline.test.ts' 'tests/planning-v2-approval.test.ts' 'tests/scheduler-readiness-v2.test.ts' 'tests/run-v2-execution-driver.test.ts' 'tests/run-v2-execution-host.test.ts' 'tests/execution-core-v2-node-executor.test.ts' 'tests/integration-manifest.test.ts' 'tests/integration-operation-recovery.test.ts' 'tests/exact-candidate-validation.test.ts' 'tests/final-candidate.test.ts' 'tests/delivery-state-machine.test.ts' 'tests/run-store-event-source.test.ts' 'tests/run-v2-record-cache-reconciliation.test.ts' 'tests/run-liveness-supervisor.test.ts' 'tests/run-v2-e2e.test.ts' 'tests/run-v2-crash-recovery.test.ts' 'tests/local-boundary.test.ts'

 RUN  v2.1.9 C:/mh-g0-c781-09

 ✓ tests/local-boundary.test.ts (14 tests) 18ms
 ✓ tests/run-v2-crash-recovery.test.ts (1 test) 37ms
 ✓ tests/run-store-event-source.test.ts (5 tests) 928ms
   ✓ canonical run event source > serializes concurrent CAS writers so only one wins a sequence 419ms
 ✓ tests/scheduler-readiness-v2.test.ts (5 tests) 178ms
 ✓ tests/delivery-state-machine.test.ts (4 tests) 54ms
 ✓ tests/integration-operation-recovery.test.ts (4 tests) 129ms
 ✓ tests/run-v2-execution-driver.test.ts (15 tests) 1727ms
   ✓ V2ExecutionDriver > raises an empty upstream artifact decision against the producer, not the blocked consumer 341ms
 ✓ tests/run-liveness-supervisor.test.ts (5 tests) 27ms
 ✓ tests/execution-core-v2-node-executor.test.ts (55 tests) 1612ms
   ✓ ExactCandidateValidatorV2 > persists and rejects a feasible negative control that stays green on the baseline 506ms
 ✓ tests/run-v2-execution-host.test.ts (2 tests) 140ms
 ✓ tests/exact-candidate-validation.test.ts (7 tests) 2246ms
   ✓ validateExactCandidate > executes the frozen value-aware order oracle and rejects the retry-2 candidate 2210ms
 ✓ tests/run-create-canonical-seed.test.ts (1 test) 174ms
 ✓ tests/run-v2-e2e.test.ts (2 tests) 3121ms
   ✓ V2 productive run > materializes declared child artifacts and integrates the exact verified root candidate 456ms
   ✓ V2 productive run > re-enters the driver after an integration journal takeover without repeating the applied child 2661ms
 ✓ tests/final-candidate.test.ts (2 tests) 19ms
 ✓ tests/integration-manifest.test.ts (9 tests) 3622ms
   ✓ IntegrationManifestExecutor > recovers after a crash following the first child without repeating its side effect 2102ms
   ✓ IntegrationManifestExecutor > recovers after persisting a repair commit without launching that repair twice 1459ms
 ✓ tests/run-v2-record-cache-reconciliation.test.ts (1 test) 774ms
   ✓ V2 RunRecord cache reconciliation > repairs a stale running cache from a terminal canonical journal before responding 770ms
 ✓ tests/planning-v2-pipeline.test.ts (5 tests) 5668ms
   ✓ planning V2 vertical slice > grounds the package manifest when repository scripts form part of the command surface 809ms
   ✓ planning V2 vertical slice > records model failure and never substitutes a lower-quality planner 719ms
   ✓ planning V2 vertical slice > fails the run when the compiler rejects the plan, without pretending a graph exists 3194ms
   ✓ planning V2 vertical slice > persists planning nodes before the planner completes 448ms
   ✓ planning V2 vertical slice > compiles from the SemanticPlan the fixpoint produced, never from a breakdown 494ms
 ✓ tests/planning-v2-approval.test.ts (1 test) 1203ms
   ✓ planning V2 revision approval > uses revision CAS and requires a new revision-specific approval after an edit 1199ms

 Test Files  18 passed (18)
      Tests  138 passed (138)
   Start at  19:02:37
   Duration  15.66s (transform 19.40s, setup 0ms, collect 105.11s, tests 21.68s, environment 9ms, prepare 9.56s)

EXIT_CODE=0
COMMAND_STATUS=accepted_exit
