
 RUN  v2.1.9 C:/Users/franc/AppData/Local/Temp/manyhands-stage0-a3f45c72-5db9d271b78c4befb932961c999b98a3

 ✓ tests/local-boundary.test.ts (14 tests) 10ms
 ✓ tests/run-v2-crash-recovery.test.ts (1 test) 22ms
 ✓ tests/run-store-event-source.test.ts (5 tests) 479ms
 ✓ tests/delivery-state-machine.test.ts (4 tests) 38ms
 ✓ tests/integration-operation-recovery.test.ts (4 tests) 48ms
 ✓ tests/run-liveness-supervisor.test.ts (5 tests) 23ms
 ✓ tests/integration-manifest.test.ts (9 tests) 591ms
   ✓ IntegrationManifestExecutor > recovers after a crash following the first child without repeating its side effect 305ms
 ✓ tests/exact-candidate-validation.test.ts (7 tests) 925ms
   ✓ validateExactCandidate > executes the frozen value-aware order oracle and rejects the retry-2 candidate 896ms
 ✓ tests/run-create-canonical-seed.test.ts (1 test) 80ms
 ✓ tests/final-candidate.test.ts (2 tests) 15ms
 ✓ tests/scheduler-readiness-v2.test.ts (5 tests) 115ms
 ✓ tests/planning-v2-approval.test.ts (1 test) 555ms
   ✓ planning V2 revision approval > uses revision CAS and requires a new revision-specific approval after an edit 553ms
 ✓ tests/execution-core-v2-node-executor.test.ts (55 tests) 701ms
 ✓ tests/run-v2-e2e.test.ts (2 tests) 686ms
   ✓ V2 productive run > re-enters the driver after an integration journal takeover without repeating the applied child 468ms
 ✓ tests/run-v2-execution-driver.test.ts (15 tests) 1167ms
 ✓ tests/run-v2-execution-host.test.ts (2 tests) 97ms
 ✓ tests/planning-v2-pipeline.test.ts (5 tests) 1518ms
   ✓ planning V2 vertical slice > grounds the package manifest when repository scripts form part of the command surface 494ms
 ✓ tests/run-v2-record-cache-reconciliation.test.ts (1 test) 282ms

 Test Files  18 passed (18)
      Tests  138 passed (138)
   Start at  16:14:12
   Duration  13.47s (transform 10.58s, setup 0ms, collect 86.00s, tests 7.35s, environment 6ms, prepare 15.20s)

