
 RUN  v2.1.9 C:/Users/franc/AppData/Local/Temp/manyhands-stage0-2d3ffdb5-cb5e59e173dc44789f5cf57d11c89cee

 ✓ tests/local-boundary.test.ts (14 tests) 9ms
 ✓ tests/run-v2-crash-recovery.test.ts (1 test) 20ms
 ✓ tests/run-store-event-source.test.ts (5 tests) 235ms
 ✓ tests/scheduler-readiness-v2.test.ts (5 tests) 117ms
 ✓ tests/delivery-state-machine.test.ts (4 tests) 45ms
 ✓ tests/integration-operation-recovery.test.ts (4 tests) 57ms
 ✓ tests/run-liveness-supervisor.test.ts (5 tests) 22ms
 ✓ tests/exact-candidate-validation.test.ts (7 tests) 858ms
   ✓ validateExactCandidate > executes the frozen value-aware order oracle and rejects the retry-2 candidate 830ms
 ✓ tests/integration-manifest.test.ts (9 tests) 795ms
   ✓ IntegrationManifestExecutor > recovers after a crash following the first child without repeating its side effect 510ms
 ✓ tests/run-v2-e2e.test.ts (2 tests) 667ms
   ✓ V2 productive run > re-enters the driver after an integration journal takeover without repeating the applied child 460ms
 ✓ tests/run-v2-execution-driver.test.ts (15 tests) 1159ms
 ✓ tests/execution-core-v2-node-executor.test.ts (55 tests) 805ms
 ✓ tests/planning-v2-pipeline.test.ts (5 tests) 1718ms
   ✓ planning V2 vertical slice > grounds the package manifest when repository scripts form part of the command surface 539ms
   ✓ planning V2 vertical slice > records model failure and never substitutes a lower-quality planner 372ms
   ✓ planning V2 vertical slice > fails the run when the compiler rejects the plan, without pretending a graph exists 435ms
 ✓ tests/run-v2-execution-host.test.ts (2 tests) 77ms
 ✓ tests/run-create-canonical-seed.test.ts (1 test) 57ms
 ✓ tests/final-candidate.test.ts (2 tests) 8ms
 ✓ tests/planning-v2-approval.test.ts (1 test) 235ms
 ✓ tests/run-v2-record-cache-reconciliation.test.ts (1 test) 256ms

 Test Files  18 passed (18)
      Tests  138 passed (138)
   Start at  15:42:28
   Duration  6.32s (transform 5.52s, setup 0ms, collect 36.24s, tests 7.14s, environment 6ms, prepare 6.24s)

