
> manyhands@0.1.0 lint C:\Users\franc\Documents\Proyectos\Manyhands
> eslint . --ignore-pattern apps/web/** --max-warnings=0


C:\Users\franc\Documents\Proyectos\Manyhands\packages\decomposer\src\critics\review.ts
  105:27  error  Unexpected any. Specify a different type  @typescript-eslint/no-explicit-any

C:\Users\franc\Documents\Proyectos\Manyhands\packages\run-coordinator\src\reducer.ts
  423:7  error  Unexpected lexical declaration in case block  no-case-declarations

C:\Users\franc\Documents\Proyectos\Manyhands\packages\run-store\src\durable-file.ts
  68:33  error  Unsafe usage of ThrowStatement  no-unsafe-finally

C:\Users\franc\Documents\Proyectos\Manyhands\packages\task-graph\src\graph-reducer.ts
  18:25  error  Unexpected any. Specify a different type  @typescript-eslint/no-explicit-any

C:\Users\franc\Documents\Proyectos\Manyhands\tests\causal-recovery-scheduling-v2.test.ts
   21:6   error  Unexpected any. Specify a different type  @typescript-eslint/no-explicit-any
   52:12  error  Unexpected any. Specify a different type  @typescript-eslint/no-explicit-any
   54:10  error  Unexpected any. Specify a different type  @typescript-eslint/no-explicit-any
   73:12  error  Unexpected any. Specify a different type  @typescript-eslint/no-explicit-any
   74:10  error  Unexpected any. Specify a different type  @typescript-eslint/no-explicit-any
   95:12  error  Unexpected any. Specify a different type  @typescript-eslint/no-explicit-any
   96:10  error  Unexpected any. Specify a different type  @typescript-eslint/no-explicit-any
  105:10  error  Unexpected any. Specify a different type  @typescript-eslint/no-explicit-any
  128:12  error  Unexpected any. Specify a different type  @typescript-eslint/no-explicit-any
  130:10  error  Unexpected any. Specify a different type  @typescript-eslint/no-explicit-any
  139:10  error  Unexpected any. Specify a different type  @typescript-eslint/no-explicit-any

C:\Users\franc\Documents\Proyectos\Manyhands\tests\decomposer-env-sanitization.test.ts
  49:47  error  Unexpected any. Specify a different type  @typescript-eslint/no-explicit-any
  53:10  error  Unexpected any. Specify a different type  @typescript-eslint/no-explicit-any
  71:27  error  Unexpected any. Specify a different type  @typescript-eslint/no-explicit-any
  75:10  error  Unexpected any. Specify a different type  @typescript-eslint/no-explicit-any

C:\Users\franc\Documents\Proyectos\Manyhands\tests\execution-core-v2-node-executor.test.ts
  713:29  error  'cwd' is defined but never used. Allowed unused args must match /^_/u  @typescript-eslint/no-unused-vars

C:\Users\franc\Documents\Proyectos\Manyhands\tests\execution-driver-concurrency.test.ts
   76:18   error  Unexpected any. Specify a different type            @typescript-eslint/no-explicit-any
   96:22   error  Unexpected any. Specify a different type            @typescript-eslint/no-explicit-any
  113:31   error  Unexpected any. Specify a different type            @typescript-eslint/no-explicit-any
  133:45   error  Unexpected any. Specify a different type            @typescript-eslint/no-explicit-any
  186:10   error  Unexpected any. Specify a different type            @typescript-eslint/no-explicit-any
  190:36   error  Unexpected any. Specify a different type            @typescript-eslint/no-explicit-any
  210:38   error  Unexpected any. Specify a different type            @typescript-eslint/no-explicit-any
  216:37   error  Unexpected any. Specify a different type            @typescript-eslint/no-explicit-any
  243:172  error  Unexpected any. Specify a different type            @typescript-eslint/no-explicit-any
  256:96   error  Unexpected any. Specify a different type            @typescript-eslint/no-explicit-any
  284:172  error  Unexpected any. Specify a different type            @typescript-eslint/no-explicit-any
  296:28   error  Unexpected any. Specify a different type            @typescript-eslint/no-explicit-any
  312:172  error  Unexpected any. Specify a different type            @typescript-eslint/no-explicit-any
  322:96   error  Unexpected any. Specify a different type            @typescript-eslint/no-explicit-any
  330:96   error  Unexpected any. Specify a different type            @typescript-eslint/no-explicit-any
  341:114  error  Unexpected any. Specify a different type            @typescript-eslint/no-explicit-any
  359:172  error  Unexpected any. Specify a different type            @typescript-eslint/no-explicit-any
  366:45   error  Unexpected any. Specify a different type            @typescript-eslint/no-explicit-any
  385:172  error  Unexpected any. Specify a different type            @typescript-eslint/no-explicit-any
  390:20   error  Unexpected any. Specify a different type            @typescript-eslint/no-explicit-any
  407:18   error  Unexpected any. Specify a different type            @typescript-eslint/no-explicit-any
  420:9    error  'adopted' is never reassigned. Use 'const' instead  prefer-const
  420:33   error  Unexpected any. Specify a different type            @typescript-eslint/no-explicit-any
  463:67   error  Unexpected any. Specify a different type            @typescript-eslint/no-explicit-any
  473:60   error  Unexpected any. Specify a different type            @typescript-eslint/no-explicit-any
  488:10   error  Unexpected any. Specify a different type            @typescript-eslint/no-explicit-any
  502:17   error  Unexpected any. Specify a different type            @typescript-eslint/no-explicit-any
  502:33   error  Unexpected any. Specify a different type            @typescript-eslint/no-explicit-any
  503:22   error  Unexpected any. Specify a different type            @typescript-eslint/no-explicit-any
  503:40   error  Unexpected any. Specify a different type            @typescript-eslint/no-explicit-any
  504:72   error  Unexpected any. Specify a different type            @typescript-eslint/no-explicit-any
  504:88   error  Unexpected any. Specify a different type            @typescript-eslint/no-explicit-any
  504:97   error  Unexpected any. Specify a different type            @typescript-eslint/no-explicit-any
  504:113  error  Unexpected any. Specify a different type            @typescript-eslint/no-explicit-any
  506:56   error  Unexpected any. Specify a different type            @typescript-eslint/no-explicit-any
  506:72   error  Unexpected any. Specify a different type            @typescript-eslint/no-explicit-any
  506:81   error  Unexpected any. Specify a different type            @typescript-eslint/no-explicit-any

C:\Users\franc\Documents\Proyectos\Manyhands\tests\helpers\target-planning-fixtures.ts
  168:10  error  'flatten' is defined but never used  @typescript-eslint/no-unused-vars

C:\Users\franc\Documents\Proyectos\Manyhands\tests\run-coordinator-derived-recording.test.ts
  13:9  error  'events' is never reassigned. Use 'const' instead  prefer-const
  58:9  error  'events' is never reassigned. Use 'const' instead  prefer-const

C:\Users\franc\Documents\Proyectos\Manyhands\tests\scheduler-conflict-constraints.test.ts
   22:8    error  Unexpected any. Specify a different type  @typescript-eslint/no-explicit-any
   83:150  error  Unexpected any. Specify a different type  @typescript-eslint/no-explicit-any
   94:146  error  Unexpected any. Specify a different type  @typescript-eslint/no-explicit-any
  106:145  error  Unexpected any. Specify a different type  @typescript-eslint/no-explicit-any
  117:146  error  Unexpected any. Specify a different type  @typescript-eslint/no-explicit-any
  140:146  error  Unexpected any. Specify a different type  @typescript-eslint/no-explicit-any
  152:126  error  Unexpected any. Specify a different type  @typescript-eslint/no-explicit-any
  153:126  error  Unexpected any. Specify a different type  @typescript-eslint/no-explicit-any

C:\Users\franc\Documents\Proyectos\Manyhands\tests\scope-critic-calibration.test.ts
   99:31  error  Unexpected any. Specify a different type  @typescript-eslint/no-explicit-any
  112:25  error  Unexpected any. Specify a different type  @typescript-eslint/no-explicit-any
  143:10  error  Unexpected any. Specify a different type  @typescript-eslint/no-explicit-any
  164:10  error  Unexpected any. Specify a different type  @typescript-eslint/no-explicit-any
  165:29  error  Unexpected any. Specify a different type  @typescript-eslint/no-explicit-any

C:\Users\franc\Documents\Proyectos\Manyhands\tests\scope-path-traversal.test.ts
  1:32  error  'vi' is defined but never used                  @typescript-eslint/no-unused-vars
  1:36  error  'beforeEach' is defined but never used          @typescript-eslint/no-unused-vars
  1:48  error  'afterEach' is defined but never used           @typescript-eslint/no-unused-vars
  2:19  error  'sep' is defined but never used                 @typescript-eslint/no-unused-vars
  7:31  error  'SymlinkEscapeError' is defined but never used  @typescript-eslint/no-unused-vars

✖ 78 problems (78 errors, 0 warnings)
  3 errors and 0 warnings potentially fixable with the `--fix` option.

 ELIFECYCLE  Command failed with exit code 1.
